[2026-07-26T00:41:44.251Z] getInitialState called
[2026-07-26T00:41:51.777Z] getInitialState succeeded
[2026-07-26T00:42:02.770Z] getInitialState called
[2026-07-26T00:42:10.278Z] getInitialState succeeded
[2026-07-26T00:42:18.323Z] getInitialState called
[2026-07-26T00:42:25.692Z] getInitialState succeeded
[2026-07-26T00:45:55.301Z] getInitialState called
[2026-07-26T00:46:03.173Z] getInitialState succeeded
[2026-07-26T00:46:16.192Z] loginUser called: username="cajero"
[2026-07-26T00:46:22.205Z] loginUser: DB synced
[2026-07-26T00:46:22.339Z] loginUser: user found, role="cajero", comparing password...
[2026-07-26T00:46:22.521Z] loginUser: password match result = true
[2026-07-26T00:46:22.653Z] loginUser: open register found, openedBy="cajero"
[2026-07-26T00:46:22.655Z] loginUser: fetching API token from external server...
[2026-07-26T00:46:23.401Z] loginUser: API token fetch status = 401
[2026-07-26T00:46:23.404Z] loginUser: API token fetch did not return token. Data: {"error":"Credenciales inválidas"}
[2026-07-26T00:46:23.404Z] loginUser: returning success
[2026-07-26T00:56:25.560Z] getInitialState called
[2026-07-26T00:56:34.072Z] getInitialState succeeded
[2026-07-26T00:56:34.149Z] [CLIENT ERROR] Uncaught ReferenceError: Cannot access 'eq' before initialization
Stack: ReferenceError: Cannot access 'eq' before initialization
    at I (http://localhost:3000/_next/static/chunks/16z8vx1u.nfkw.js:7:11108)
    at ay (http://localhost:3000/_next/static/chunks/11z01sfi8en7p.js:1:63841)
    at oJ (http://localhost:3000/_next/static/chunks/11z01sfi8en7p.js:1:84098)
    at iu (http://localhost:3000/_next/static/chunks/11z01sfi8en7p.js:1:95700)
    at sd (http://localhost:3000/_next/static/chunks/11z01sfi8en7p.js:1:138940)
    at http://localhost:3000/_next/static/chunks/11z01sfi8en7p.js:1:138785
    at sf (http://localhost:3000/_next/static/chunks/11z01sfi8en7p.js:1:138793)
    at se (http://localhost:3000/_next/static/chunks/11z01sfi8en7p.js:1:134714)
    at s$ (http://localhost:3000/_next/static/chunks/11z01sfi8en7p.js:1:160491)
    at MessagePort.O (http://localhost:3000/_next/static/chunks/11z01sfi8en7p.js:1:8658)
[2026-07-26T01:01:35.655Z] getInitialState called
[2026-07-26T01:01:43.132Z] getInitialState succeeded
[2026-07-28T16:05:01.201Z] getInitialState called
[2026-07-28T16:05:22.253Z] getInitialState succeeded
[2026-07-28T16:05:33.159Z] getInitialState called
[2026-07-28T16:06:02.141Z] getInitialState succeeded
[2026-07-28T16:06:17.437Z] loginUser called: username="admin"
[2026-07-28T16:06:34.095Z] loginUser: DB synced
[2026-07-28T16:06:35.577Z] loginUser: user found, role="supervisor", comparing password...
[2026-07-28T16:06:35.659Z] loginUser: password match result = true
[2026-07-28T16:06:36.481Z] loginUser: open register found, openedBy="cajero"
[2026-07-28T16:06:36.481Z] loginUser: fetching API token from external server...
[2026-07-28T16:06:47.083Z] loginUser: API token fetch failed with error: fetch failed
[2026-07-28T16:06:47.542Z] loginUser: returning success
[2026-07-28T16:10:07.083Z] getInitialState called
[2026-07-28T16:10:19.998Z] getInitialState succeeded
